2026-04-17 17:49:27 [INFO] Compiled: NCMS\templates\admin.nhtml -> NCMS\public\cache\admin.html
2026-04-17 17:49:27 [INFO] Compiled: NCMS\templates\blog.nhtml -> NCMS\public\cache\blog.html
2026-04-17 17:49:27 [INFO] Compiled: NCMS\templates\login.nhtml -> NCMS\public\cache\login.html
2026-04-17 17:49:27 [INFO] Compiled: NCMS\templates\post.nhtml -> NCMS\public\cache\post.html
2026-04-17 17:55:19 [INFO] Compiled: NCMS\templates\admin.nhtml -> NCMS\public\cache\admin.html
2026-04-17 17:55:19 [INFO] Compiled: NCMS\templates\blog.nhtml -> NCMS\public\cache\blog.html
2026-04-17 17:55:19 [INFO] Compiled: NCMS\templates\login.nhtml -> NCMS\public\cache\login.html
2026-04-17 17:55:19 [INFO] Compiled: NCMS\templates\post.nhtml -> NCMS\public\cache\post.html
2026-04-17 17:56:39 [INFO] Compiled: NCMS\templates\admin.nhtml -> NCMS\public\cache\admin.html
2026-04-17 17:56:39 [INFO] Compiled: NCMS\templates\blog.nhtml -> NCMS\public\cache\blog.html
2026-04-17 17:56:39 [INFO] Compiled: NCMS\templates\login.nhtml -> NCMS\public\cache\login.html
2026-04-17 17:56:39 [INFO] Compiled: NCMS\templates\post.nhtml -> NCMS\public\cache\post.html
2026-04-17 18:45:16 [INFO] Compiled: NCMS\templates\admin.nhtml -> NCMS\public\cache\admin.html
2026-04-17 18:45:16 [INFO] Compiled: NCMS\templates\blog.nhtml -> NCMS\public\cache\blog.html
2026-04-17 18:45:16 [INFO] Compiled: NCMS\templates\login.nhtml -> NCMS\public\cache\login.html
2026-04-17 18:45:16 [INFO] Compiled: NCMS\templates\post.nhtml -> NCMS\public\cache\post.html
2026-04-17 18:57:01 [INFO] Compiled: NCMS\templates\admin.nhtml -> NCMS\public\cache\admin.html
2026-04-17 18:57:01 [INFO] Compiled: NCMS\templates\blog.nhtml -> NCMS\public\cache\blog.html
2026-04-17 18:57:01 [INFO] Compiled: NCMS\templates\login.nhtml -> NCMS\public\cache\login.html
2026-04-17 18:57:01 [INFO] Compiled: NCMS\templates\post.nhtml -> NCMS\public\cache\post.html
2026-04-17 19:07:49 [ERROR] Erreur de compilation sur NCMS\templates\admin.nhtml: 'bool' object has no attribute 'strip'
2026-04-17 19:07:49 [ERROR] Erreur de compilation sur NCMS\templates\blog.nhtml: 'bool' object has no attribute 'strip'
2026-04-17 19:07:49 [INFO] Compiled: NCMS\templates\login.nhtml -> NCMS\public\cache\login.html
2026-04-17 19:07:49 [ERROR] Erreur de compilation sur NCMS\templates\post.nhtml: 'bool' object has no attribute 'strip'
2026-04-17 19:08:41 [ERROR] Erreur de compilation sur NCMS\templates\admin.nhtml: 'bool' object has no attribute 'strip'
2026-04-17 19:08:41 [ERROR] Erreur de compilation sur NCMS\templates\blog.nhtml: 'bool' object has no attribute 'strip'
2026-04-17 19:08:41 [INFO] Compiled: NCMS\templates\login.nhtml -> NCMS\public\cache\login.html
2026-04-17 19:08:41 [ERROR] Erreur de compilation sur NCMS\templates\post.nhtml: 'bool' object has no attribute 'strip'
2026-04-17 19:09:59 [ERROR] Erreur de compilation sur NCMS\templates\admin.nhtml: unsupported operand type(s) for +: 'bool' and 'str'
2026-04-17 19:09:59 [INFO] Compiled: NCMS\templates\blog.nhtml -> NCMS\public\cache\blog.html
2026-04-17 19:09:59 [INFO] Compiled: NCMS\templates\login.nhtml -> NCMS\public\cache\login.html
2026-04-17 19:09:59 [INFO] Compiled: NCMS\templates\post.nhtml -> NCMS\public\cache\post.html
2026-04-17 19:10:37 [ERROR] Erreur de compilation sur NCMS\templates\admin.nhtml: unsupported operand type(s) for +: 'bool' and 'str'
2026-04-17 19:10:37 [INFO] Compiled: NCMS\templates\blog.nhtml -> NCMS\public\cache\blog.html
2026-04-17 19:10:37 [INFO] Compiled: NCMS\templates\login.nhtml -> NCMS\public\cache\login.html
2026-04-17 19:10:37 [INFO] Compiled: NCMS\templates\post.nhtml -> NCMS\public\cache\post.html
2026-04-17 19:11:22 [INFO] Compiled: NCMS\templates\admin.nhtml -> NCMS\public\cache\admin.html
2026-04-17 19:11:22 [INFO] Compiled: NCMS\templates\blog.nhtml -> NCMS\public\cache\blog.html
2026-04-17 19:11:22 [INFO] Compiled: NCMS\templates\login.nhtml -> NCMS\public\cache\login.html
2026-04-17 19:11:22 [INFO] Compiled: NCMS\templates\post.nhtml -> NCMS\public\cache\post.html
2026-04-17 19:48:08 [INFO] Compiled: NCMS\templates\admin.nhtml -> NCMS\public\cache\admin.html
2026-04-17 19:48:08 [INFO] Compiled: NCMS\templates\blog.nhtml -> NCMS\public\cache\blog.html
2026-04-17 19:48:08 [INFO] Compiled: NCMS\templates\login.nhtml -> NCMS\public\cache\login.html
2026-04-17 19:48:08 [INFO] Compiled: NCMS\templates\post.nhtml -> NCMS\public\cache\post.html
2026-04-17 19:48:41 [INFO] Compiled: NCMS\templates\admin.nhtml -> NCMS\public\cache\admin.html
2026-04-17 19:48:41 [INFO] Compiled: NCMS\templates\blog.nhtml -> NCMS\public\cache\blog.html
2026-04-17 19:48:41 [INFO] Compiled: NCMS\templates\login.nhtml -> NCMS\public\cache\login.html
2026-04-17 19:48:41 [INFO] Compiled: NCMS\templates\post.nhtml -> NCMS\public\cache\post.html
2026-04-17 19:54:54 [INFO] Compiled: NCMS\templates\admin.nhtml -> NCMS\public\cache\admin.html
2026-04-17 19:54:54 [INFO] Compiled: NCMS\templates\blog.nhtml -> NCMS\public\cache\blog.html
2026-04-17 19:54:54 [INFO] Compiled: NCMS\templates\login.nhtml -> NCMS\public\cache\login.html
2026-04-17 19:54:54 [INFO] Compiled: NCMS\templates\post.nhtml -> NCMS\public\cache\post.html
2026-04-17 19:55:47 [INFO] Compiled: NCMS\templates\admin.nhtml -> NCMS\public\cache\admin.html
2026-04-17 19:55:47 [INFO] Compiled: NCMS\templates\blog.nhtml -> NCMS\public\cache\blog.html
2026-04-17 19:55:47 [INFO] Compiled: NCMS\templates\login.nhtml -> NCMS\public\cache\login.html
2026-04-17 19:55:47 [INFO] Compiled: NCMS\templates\post.nhtml -> NCMS\public\cache\post.html
2026-04-17 19:56:31 [INFO] Compiled: NCMS\templates\admin.nhtml -> NCMS\public\cache\admin.html
2026-04-17 19:56:31 [INFO] Compiled: NCMS\templates\blog.nhtml -> NCMS\public\cache\blog.html
2026-04-17 19:56:31 [INFO] Compiled: NCMS\templates\login.nhtml -> NCMS\public\cache\login.html
2026-04-17 19:56:31 [INFO] Compiled: NCMS\templates\post.nhtml -> NCMS\public\cache\post.html
2026-04-17 19:57:04 [INFO] Compiled: NCMS\templates\admin.nhtml -> NCMS\public\cache\admin.html
2026-04-17 19:57:04 [INFO] Compiled: NCMS\templates\blog.nhtml -> NCMS\public\cache\blog.html
2026-04-17 19:57:04 [INFO] Compiled: NCMS\templates\login.nhtml -> NCMS\public\cache\login.html
2026-04-17 19:57:04 [INFO] Compiled: NCMS\templates\post.nhtml -> NCMS\public\cache\post.html
2026-04-17 21:57:06 [INFO] Compiled: NCMS\templates\admin.nhtml -> NCMS\public\cache\admin.html
2026-04-17 21:57:06 [INFO] Compiled: NCMS\templates\blog.nhtml -> NCMS\public\cache\blog.html
2026-04-17 21:57:06 [INFO] Compiled: NCMS\templates\login.nhtml -> NCMS\public\cache\login.html
2026-04-17 21:57:06 [INFO] Compiled: NCMS\templates\post.nhtml -> NCMS\public\cache\post.html
2026-04-17 22:02:13 [INFO] Compiled: NCMS\templates\admin.nhtml -> NCMS\public\cache\admin.html
2026-04-17 22:02:13 [INFO] Compiled: NCMS\templates\blog.nhtml -> NCMS\public\cache\blog.html
2026-04-17 22:02:13 [INFO] Compiled: NCMS\templates\login.nhtml -> NCMS\public\cache\login.html
2026-04-17 22:02:13 [INFO] Compiled: NCMS\templates\post.nhtml -> NCMS\public\cache\post.html
2026-04-17 22:02:59 [INFO] Compiled: NCMS\templates\admin.nhtml -> NCMS\public\cache\admin.html
2026-04-17 22:02:59 [INFO] Compiled: NCMS\templates\blog.nhtml -> NCMS\public\cache\blog.html
2026-04-17 22:02:59 [INFO] Compiled: NCMS\templates\login.nhtml -> NCMS\public\cache\login.html
2026-04-17 22:02:59 [INFO] Compiled: NCMS\templates\post.nhtml -> NCMS\public\cache\post.html
2026-04-17 22:03:25 [INFO] Compiled: NCMS\templates\admin.nhtml -> NCMS\public\cache\admin.html
2026-04-17 22:03:25 [INFO] Compiled: NCMS\templates\blog.nhtml -> NCMS\public\cache\blog.html
2026-04-17 22:03:25 [INFO] Compiled: NCMS\templates\login.nhtml -> NCMS\public\cache\login.html
2026-04-17 22:03:25 [INFO] Compiled: NCMS\templates\post.nhtml -> NCMS\public\cache\post.html
2026-04-17 22:03:52 [INFO] Compiled: NCMS\templates\admin.nhtml -> NCMS\public\cache\admin.html
2026-04-17 22:03:52 [INFO] Compiled: NCMS\templates\blog.nhtml -> NCMS\public\cache\blog.html
2026-04-17 22:03:52 [INFO] Compiled: NCMS\templates\login.nhtml -> NCMS\public\cache\login.html
2026-04-17 22:03:52 [INFO] Compiled: NCMS\templates\post.nhtml -> NCMS\public\cache\post.html
2026-04-17 22:04:30 [INFO] Compiled: NCMS\templates\admin.nhtml -> NCMS\public\cache\admin.html
2026-04-17 22:04:30 [INFO] Compiled: NCMS\templates\blog.nhtml -> NCMS\public\cache\blog.html
2026-04-17 22:04:30 [INFO] Compiled: NCMS\templates\login.nhtml -> NCMS\public\cache\login.html
2026-04-17 22:04:30 [INFO] Compiled: NCMS\templates\post.nhtml -> NCMS\public\cache\post.html
2026-04-17 22:10:41 [INFO] Compiled: NCMS\templates\admin.nhtml -> NCMS\public\cache\admin.html
2026-04-17 22:10:41 [INFO] Compiled: NCMS\templates\blog.nhtml -> NCMS\public\cache\blog.html
2026-04-17 22:10:41 [INFO] Compiled: NCMS\templates\login.nhtml -> NCMS\public\cache\login.html
2026-04-17 22:10:41 [INFO] Compiled: NCMS\templates\post.nhtml -> NCMS\public\cache\post.html
2026-04-17 22:11:43 [INFO] Compiled: NCMS\templates\admin.nhtml -> NCMS\public\cache\admin.html
2026-04-17 22:11:43 [INFO] Compiled: NCMS\templates\blog.nhtml -> NCMS\public\cache\blog.html
2026-04-17 22:11:43 [INFO] Compiled: NCMS\templates\login.nhtml -> NCMS\public\cache\login.html
2026-04-17 22:11:43 [INFO] Compiled: NCMS\templates\post.nhtml -> NCMS\public\cache\post.html
2026-04-17 22:27:46 [INFO] Compiled: NCMS\templates\admin.nhtml -> NCMS\public\cache\admin.html
2026-04-17 22:27:46 [INFO] Compiled: NCMS\templates\blog.nhtml -> NCMS\public\cache\blog.html
2026-04-17 22:27:46 [INFO] Compiled: NCMS\templates\login.nhtml -> NCMS\public\cache\login.html
2026-04-17 22:27:46 [INFO] Compiled: NCMS\templates\post.nhtml -> NCMS\public\cache\post.html
2026-04-17 22:29:01 [INFO] Compiled: NCMS\templates\admin.nhtml -> NCMS\public\cache\admin.html
2026-04-17 22:29:01 [INFO] Compiled: NCMS\templates\blog.nhtml -> NCMS\public\cache\blog.html
2026-04-17 22:29:01 [INFO] Compiled: NCMS\templates\login.nhtml -> NCMS\public\cache\login.html
2026-04-17 22:29:01 [INFO] Compiled: NCMS\templates\post.nhtml -> NCMS\public\cache\post.html
2026-04-17 22:30:11 [INFO] Watching directory 'NCMS\templates' for changes...
2026-04-17 22:30:11 [INFO] Compiled: NCMS\templates\admin.nhtml -> NCMS\public\cache\admin.html
2026-04-17 22:30:11 [INFO] Compiled: NCMS\templates\blog.nhtml -> NCMS\public\cache\blog.html
2026-04-17 22:30:11 [INFO] Compiled: NCMS\templates\login.nhtml -> NCMS\public\cache\login.html
2026-04-17 22:30:11 [INFO] Compiled: NCMS\templates\post.nhtml -> NCMS\public\cache\post.html
2026-04-17 22:30:11 [INFO] Compiled: NCMS\templates\admin.nhtml -> NCMS\public\cache\admin.html
2026-04-17 22:30:11 [INFO] Compiled: NCMS\templates\blog.nhtml -> NCMS\public\cache\blog.html
2026-04-17 22:30:11 [INFO] Compiled: NCMS\templates\login.nhtml -> NCMS\public\cache\login.html
2026-04-17 22:30:11 [INFO] Compiled: NCMS\templates\post.nhtml -> NCMS\public\cache\post.html
2026-04-17 22:37:40 [INFO] Compiled: NCMS\templates\admin.nhtml -> NCMS\public\cache\admin.html
2026-04-17 22:37:40 [INFO] Compiled: NCMS\templates\blog.nhtml -> NCMS\public\cache\blog.html
2026-04-17 22:37:40 [INFO] Compiled: NCMS\templates\login.nhtml -> NCMS\public\cache\login.html
2026-04-17 22:37:40 [INFO] Compiled: NCMS\templates\post.nhtml -> NCMS\public\cache\post.html
2026-04-17 22:39:48 [INFO] Compiled: NCMS\templates\admin.nhtml -> NCMS\public\cache\admin.html
2026-04-17 22:39:48 [INFO] Compiled: NCMS\templates\blog.nhtml -> NCMS\public\cache\blog.html
2026-04-17 22:39:48 [INFO] Compiled: NCMS\templates\login.nhtml -> NCMS\public\cache\login.html
2026-04-17 22:39:48 [INFO] Compiled: NCMS\templates\post.nhtml -> NCMS\public\cache\post.html
2026-04-17 22:49:22 [INFO] Compiled: NCMS\templates\admin.nhtml -> NCMS\public\cache\admin.html
2026-04-17 22:49:22 [INFO] Compiled: NCMS\templates\blog.nhtml -> NCMS\public\cache\blog.html
2026-04-17 22:49:22 [INFO] Compiled: NCMS\templates\login.nhtml -> NCMS\public\cache\login.html
2026-04-17 22:49:22 [INFO] Compiled: NCMS\templates\post.nhtml -> NCMS\public\cache\post.html
2026-04-17 23:17:19 [INFO] Compiled: NCMS/templates\admin.nhtml -> NCMS/public/cache\admin.html
2026-04-17 23:17:19 [INFO] Compiled: NCMS/templates\blog.nhtml -> NCMS/public/cache\blog.html
2026-04-17 23:17:19 [INFO] Compiled: NCMS/templates\login.nhtml -> NCMS/public/cache\login.html
2026-04-17 23:17:19 [INFO] Compiled: NCMS/templates\post.nhtml -> NCMS/public/cache\post.html
2026-04-17 23:21:05 [INFO] Compiled: NCMS/templates\admin.nhtml -> NCMS/public/cache\admin.html
2026-04-17 23:21:05 [INFO] Compiled: NCMS/templates\blog.nhtml -> NCMS/public/cache\blog.html
2026-04-17 23:21:05 [INFO] Compiled: NCMS/templates\login.nhtml -> NCMS/public/cache\login.html
2026-04-17 23:21:05 [INFO] Compiled: NCMS/templates\post.nhtml -> NCMS/public/cache\post.html
2026-04-17 23:21:31 [INFO] Compiled: NCMS/templates\admin.nhtml -> NCMS/public/cache\admin.html
2026-04-17 23:21:31 [INFO] Compiled: NCMS/templates\blog.nhtml -> NCMS/public/cache\blog.html
2026-04-17 23:21:31 [INFO] Compiled: NCMS/templates\login.nhtml -> NCMS/public/cache\login.html
2026-04-17 23:21:31 [INFO] Compiled: NCMS/templates\post.nhtml -> NCMS/public/cache\post.html
2026-04-17 23:21:51 [INFO] Compiled: NCMS/templates\admin.nhtml -> NCMS/public/cache\admin.html
2026-04-17 23:21:51 [INFO] Compiled: NCMS/templates\blog.nhtml -> NCMS/public/cache\blog.html
2026-04-17 23:21:51 [INFO] Compiled: NCMS/templates\login.nhtml -> NCMS/public/cache\login.html
2026-04-17 23:21:51 [INFO] Compiled: NCMS/templates\post.nhtml -> NCMS/public/cache\post.html
2026-04-17 23:23:08 [INFO] Arrêt du mode watch.
2026-04-17 23:23:09 [INFO] Watching directory 'NCMS\templates' for changes...
2026-04-17 23:23:09 [INFO] Compiled: NCMS\templates\admin.nhtml -> NCMS\public\cache\admin.html
2026-04-17 23:23:09 [INFO] Compiled: NCMS\templates\blog.nhtml -> NCMS\public\cache\blog.html
2026-04-17 23:23:09 [INFO] Compiled: NCMS\templates\login.nhtml -> NCMS\public\cache\login.html
2026-04-17 23:23:09 [INFO] Compiled: NCMS\templates\post.nhtml -> NCMS\public\cache\post.html
2026-04-17 23:23:09 [INFO] Compiled: NCMS\templates\admin.nhtml -> NCMS\public\cache\admin.html
2026-04-17 23:23:09 [INFO] Compiled: NCMS\templates\blog.nhtml -> NCMS\public\cache\blog.html
2026-04-17 23:23:09 [INFO] Compiled: NCMS\templates\login.nhtml -> NCMS\public\cache\login.html
2026-04-17 23:23:09 [INFO] Compiled: NCMS\templates\post.nhtml -> NCMS\public\cache\post.html
2026-04-18 10:33:38 [ERROR] Erreur de compilation sur NCMS\templates\admin.nhtml: NhtmlTransformer.transform_if_block() takes 4 positional arguments but 5 were given
2026-04-18 10:33:38 [ERROR] Erreur de compilation sur NCMS\templates\blog.nhtml: NhtmlTransformer.transform_if_block() takes 4 positional arguments but 5 were given
2026-04-18 10:33:38 [ERROR] Erreur de compilation sur NCMS\templates\login.nhtml: NhtmlTransformer.transform_if_block() takes 4 positional arguments but 5 were given
2026-04-18 10:33:38 [ERROR] Erreur de compilation sur NCMS\templates\post.nhtml: NhtmlTransformer.transform_if_block() takes 4 positional arguments but 5 were given
2026-04-18 10:34:19 [INFO] Compiled: NCMS\templates\admin.nhtml -> NCMS\public\cache\admin.html
2026-04-18 10:34:19 [INFO] Compiled: NCMS\templates\blog.nhtml -> NCMS\public\cache\blog.html
2026-04-18 10:34:19 [INFO] Compiled: NCMS\templates\login.nhtml -> NCMS\public\cache\login.html
2026-04-18 10:34:19 [INFO] Compiled: NCMS\templates\post.nhtml -> NCMS\public\cache\post.html
2026-04-18 10:41:29 [INFO] Compiled: NCMS\templates\blog.nhtml -> NCMS\public\cache\blog.html
2026-04-18 10:42:00 [INFO] Compiled: NCMS\templates\admin.nhtml -> NCMS\public\cache\admin.html
2026-04-18 10:43:32 [INFO] Compiled: NCMS\templates\admin.nhtml -> NCMS\public\cache\admin.html
2026-04-18 10:43:32 [INFO] Compiled: NCMS\templates\blog.nhtml -> NCMS\public\cache\blog.html
2026-04-18 10:43:32 [INFO] Compiled: NCMS\templates\login.nhtml -> NCMS\public\cache\login.html
2026-04-18 10:43:32 [INFO] Compiled: NCMS\templates\post.nhtml -> NCMS\public\cache\post.html
2026-04-18 10:43:54 [INFO] Compiled: NCMS\templates\blog.nhtml -> NCMS\public\cache\blog.html
2026-04-18 10:53:46 [INFO] Watching directory 'NCMS\templates' for changes...
2026-04-18 10:53:46 [INFO] Compiled: NCMS\templates\admin.nhtml -> NCMS\public\cache\admin.html
2026-04-18 10:53:46 [INFO] Compiled: NCMS\templates\blog.nhtml -> NCMS\public\cache\blog.html
2026-04-18 10:53:46 [INFO] Compiled: NCMS\templates\login.nhtml -> NCMS\public\cache\login.html
2026-04-18 10:53:46 [INFO] Compiled: NCMS\templates\post.nhtml -> NCMS\public\cache\post.html
