2026-04-17 18:44:08 [INFO] Compiled: C:\Users\nemst\Desktop\Nhtml\NCMS\src\Core/../../templates/blog.nhtml -> C:\Users\nemst\Desktop\Nhtml\NCMS\src\Core/../../public/cache/blog.html
2026-04-17 18:44:08 [INFO] Compiled: C:\Users\nemst\Desktop\Nhtml\NCMS\src\Core/../../templates/post.nhtml -> C:\Users\nemst\Desktop\Nhtml\NCMS\src\Core/../../public/cache/post.html
2026-04-17 18:44:59 [INFO] Compiled: C:\Users\nemst\Desktop\Nhtml\NCMS\src\Core/../../templates/admin.nhtml -> C:\Users\nemst\Desktop\Nhtml\NCMS\src\Core/../../public/cache/admin.html
2026-04-17 18:56:11 [INFO] Compiled: C:\Users\nemst\Desktop\Nhtml\NCMS\src\Core/../../templates/admin.nhtml -> C:\Users\nemst\Desktop\Nhtml\NCMS\src\Core/../../public/cache/admin.html
2026-04-17 19:06:41 [ERROR] Erreur de compilation sur C:\Users\nemst\Desktop\Nhtml\NCMS\src\Core/../../templates/admin.nhtml: 'bool' object has no attribute 'strip'
2026-04-17 19:06:44 [ERROR] Erreur de compilation sur C:\Users\nemst\Desktop\Nhtml\NCMS\src\Core/../../templates/admin.nhtml: 'bool' object has no attribute 'strip'
2026-04-17 19:06:59 [ERROR] Erreur de compilation sur C:\Users\nemst\Desktop\Nhtml\NCMS\src\Core/../../templates/admin.nhtml: 'bool' object has no attribute 'strip'
2026-04-17 19:07:01 [ERROR] Erreur de compilation sur C:\Users\nemst\Desktop\Nhtml\NCMS\src\Core/../../templates/admin.nhtml: 'bool' object has no attribute 'strip'
2026-04-17 19:07:02 [ERROR] Erreur de compilation sur C:\Users\nemst\Desktop\Nhtml\NCMS\src\Core/../../templates/admin.nhtml: 'bool' object has no attribute 'strip'
2026-04-17 19:07:04 [ERROR] Erreur de compilation sur C:\Users\nemst\Desktop\Nhtml\NCMS\src\Core/../../templates/admin.nhtml: 'bool' object has no attribute 'strip'
2026-04-17 19:07:28 [ERROR] Erreur de compilation sur C:\Users\nemst\Desktop\Nhtml\NCMS\src\Core/../../templates/admin.nhtml: 'bool' object has no attribute 'strip'
2026-04-17 19:07:30 [ERROR] Erreur de compilation sur C:\Users\nemst\Desktop\Nhtml\NCMS\src\Core/../../templates/admin.nhtml: 'bool' object has no attribute 'strip'
2026-04-17 19:07:51 [ERROR] Erreur de compilation sur C:\Users\nemst\Desktop\Nhtml\NCMS\src\Core/../../templates/admin.nhtml: 'bool' object has no attribute 'strip'
2026-04-17 19:08:15 [ERROR] Erreur de compilation sur C:\Users\nemst\Desktop\Nhtml\NCMS\src\Core/../../templates/admin.nhtml: 'bool' object has no attribute 'strip'
2026-04-17 19:08:23 [ERROR] Erreur de compilation sur C:\Users\nemst\Desktop\Nhtml\NCMS\src\Core/../../templates/admin.nhtml: 'bool' object has no attribute 'strip'
2026-04-17 19:08:46 [ERROR] Erreur de compilation sur C:\Users\nemst\Desktop\Nhtml\NCMS\src\Core/../../templates/admin.nhtml: 'bool' object has no attribute 'strip'
2026-04-17 19:08:49 [ERROR] Erreur de compilation sur C:\Users\nemst\Desktop\Nhtml\NCMS\src\Core/../../templates/admin.nhtml: 'bool' object has no attribute 'strip'
2026-04-17 19:08:50 [ERROR] Erreur de compilation sur C:\Users\nemst\Desktop\Nhtml\NCMS\src\Core/../../templates/admin.nhtml: 'bool' object has no attribute 'strip'
2026-04-17 19:09:13 [ERROR] Erreur de compilation sur C:\Users\nemst\Desktop\Nhtml\NCMS\src\Core/../../templates/admin.nhtml: name 'self_close' is not defined
2026-04-17 19:09:18 [ERROR] Erreur de compilation sur C:\Users\nemst\Desktop\Nhtml\NCMS\src\Core/../../templates/blog.nhtml: name 'self_close' is not defined
2026-04-17 19:09:24 [ERROR] Erreur de compilation sur C:\Users\nemst\Desktop\Nhtml\NCMS\src\Core/../../templates/blog.nhtml: name 'self_close' is not defined
2026-04-17 19:09:51 [INFO] Compiled: C:\Users\nemst\Desktop\Nhtml\NCMS\src\Core/../../templates/blog.nhtml -> C:\Users\nemst\Desktop\Nhtml\NCMS\src\Core/../../public/cache/blog.html
2026-04-17 19:10:13 [ERROR] Erreur de compilation sur C:\Users\nemst\Desktop\Nhtml\NCMS\src\Core/../../templates/admin.nhtml: unsupported operand type(s) for +: 'bool' and 'str'
2026-04-17 19:10:27 [ERROR] Erreur de compilation sur C:\Users\nemst\Desktop\Nhtml\NCMS\src\Core/../../templates/admin.nhtml: unsupported operand type(s) for +: 'bool' and 'str'
2026-04-17 19:10:53 [ERROR] Erreur de compilation sur C:\Users\nemst\Desktop\Nhtml\NCMS\src\Core/../../templates/admin.nhtml: unsupported operand type(s) for +: 'bool' and 'str'
2026-04-17 19:11:07 [INFO] Compiled: C:\Users\nemst\Desktop\Nhtml\NCMS\src\Core/../../templates/admin.nhtml -> C:\Users\nemst\Desktop\Nhtml\NCMS\src\Core/../../public/cache/admin.html
2026-04-17 19:56:11 [INFO] Compiled: C:\Users\nemst\Desktop\Nhtml\NCMS\src\Core/../../templates/blog.nhtml -> C:\Users\nemst\Desktop\Nhtml\NCMS\src\Core/../../public/cache/blog.html
2026-04-17 22:28:56 [INFO] Compiled: C:\Users\nemst\Desktop\Nhtml\NCMS\src\Core/../../templates/blog.nhtml -> C:\Users\nemst\Desktop\Nhtml\NCMS\src\Core/../../public/cache/blog.html
